// Jest Snapshot v1, https://goo.gl/fbAQLP

exports[`Text snapshot Test 1`] = `
.c0 {
  display: block;
  font-size: 1.3125rem;
  line-height: 1.1;
  font-weight: 600;
}

@media screen and (min-width:640px) {
  .c0 {
    font-size: 1.5rem;
  }
}

<span
  class="c0"
  data-testid="Text"
>
  Title
</span>
`;
