// Jest Snapshot v1, https://goo.gl/fbAQLP

exports[`Logo snapshot test 1`] = `
<img
  alt="logo"
  data-testid="Logo"
  src="logo.svg"
/>
`;
